[    0.000000] Initializing cgroup subsys cpuset
[    0.000000] Initializing cgroup subsys cpu
[    0.000000] Initializing cgroup subsys cpuacct
[    0.000000] Linux version 4.4.0-210-generic (buildd@lgw01-amd64-009) (gcc version 5.4.0 20160609 (Ubuntu 5.4.0-6ubuntu1~16.04.12) ) #242-Ubuntu SMP Fri Apr 16 09:57:56 UTC 2021 (Ubuntu 4.4.0-210.242-generic 4.4.262)
[    0.000000] Command line: BOOT_IMAGE=/boot/vmlinuz-4.4.0-210-generic root=LABEL=cloudimg-rootfs ro console=tty1 console=ttyS0
[    0.000000] KERNEL supported cpus:
[    0.000000]   Intel GenuineIntel
[    0.000000]   AMD AuthenticAMD
[    0.000000]   Centaur CentaurHauls
[    0.000000] x86/fpu: xstate_offset[2]:  576, xstate_sizes[2]:  256
[    0.000000] x86/fpu: Supporting XSAVE feature 0x01: 'x87 floating point registers'
[    0.000000] x86/fpu: Supporting XSAVE feature 0x02: 'SSE registers'
[    0.000000] x86/fpu: Supporting XSAVE feature 0x04: 'AVX registers'
[    0.000000] x86/fpu: Enabled xstate features 0x7, context size is 832 bytes, using 'standard' format.
[    0.000000] e820: BIOS-provided physical RAM map:
[    0.000000] BIOS-e820: [mem 0x0000000000000000-0x000000000009fbff] usable
[    0.000000] BIOS-e820: [mem 0x000000000009fc00-0x000000000009ffff] reserved
[    0.000000] BIOS-e820: [mem 0x00000000000f0000-0x00000000000fffff] reserved
[    0.000000] BIOS-e820: [mem 0x0000000000100000-0x000000003ffeffff] usable
[    0.000000] BIOS-e820: [mem 0x000000003fff0000-0x000000003fffffff] ACPI data
[    0.000000] BIOS-e820: [mem 0x00000000fec00000-0x00000000fec00fff] reserved
[    0.000000] BIOS-e820: [mem 0x00000000fee00000-0x00000000fee00fff] reserved
[    0.000000] BIOS-e820: [mem 0x00000000fffc0000-0x00000000ffffffff] reserved
[    0.000000] NX (Execute Disable) protection: active
[    0.000000] SMBIOS 2.5 present.
[    0.000000] Hypervisor detected: KVM
[    0.000000] e820: last_pfn = 0x3fff0 max_arch_pfn = 0x400000000
[    0.000000] MTRR: Disabled
[    0.000000] x86/PAT: MTRRs disabled, skipping PAT initialization too.
[    0.000000] CPU MTRRs all blank - virtualized system.
[    0.000000] x86/PAT: Configuration [0-7]: WB  WT  UC- UC  WB  WT  UC- UC  
[    0.000000] found SMP MP-table at [mem 0x0009fff0-0x0009ffff] mapped at [ffff88000009fff0]
[    0.000000] Scanning 1 arasfo lowmeryorruptn[   0.000000] RAMDISK: [me0x62de000x166fff]   0.0000]CPI:ar tble chks verificatn sale
[  .00000] ACPI: RSDP 0x00000000E00 002 (v0VB  
  .00000AC: SD0x000003F00 0003C 01BOX VBXST 000001SL  0061
[  00000] CPI:ACP 000003FF0F000F(v VOX  BOAC 0001 SL  0061)
[    0.000000] ACPI: DSDT 0x000000003FFF0470 0021FF (v02 VBOX   VBOXBIOS 00000002 INTL 20180105)
[    0.000000] ACPI: FACS 0x000000003FFF0200 000040
[    0.000000] ACPI: FACS 0x000000003FFF0200 000040
[    0.000000] ACPI: APIC 0x000000003FFF0240 00005C (v02 VBOX   VBOXAPIC 00000001 ASL  00000061)
[    0.000000] ACPI: SSDT 0x000000003FFF02A0 0001CC (v01 VBOX   VBOXCPUT 00000002 INTL 20180105)
[    0.000000] No NUMA configuration found
[    0.000000] Faking a node at [mem 0x0000000000000000-0x000000003ffeffff]
[    0.000000] NODE_DATA(0) allocated [mem 0x3ffeb000-0x3ffeffff]
[    0.000000] kvm-clock: Using msrs 4b564d01 and 4b564d00
[    0.000000] kvm-clock: cpu 0, msr 0:3ffe3001, primary cpu clock
[    0.000000] kvm-clock: using sched offset of 3650292835 cycles
[    0.000000] clocksource: kvm-clock: mask: 0xffffffffffffffff max_cycles: 0x1cd42e4dffb, max_idle_ns: 881590591483 ns
[    0.000000] Zone ranges:
[    0.000000]   DMA      [mem 0x0000000000001000-0x0000000000ffffff]
[    0.000000]   DMA32    [mem 0x0000000001000-0x00003ffff
    0000  ormal   empty
[    0.000000]   Device   empty
[    0.000000] Movable zone start for each node
[    0.000000] Early memory node ranges
[    0.000000]   node   0: [mem 0x0000000000001000-0x000000000009efff]
[    0.000000]   node   0: [mem 0x0000000000100000-0x000000003ffeffff]
[    0.000000] Initmem setup node 0 [mem 0x0000000000001000-0x000000003ffeffff]
[    0.000000] ACPI: PM-Timer IO Port: 0x4008
[    0.000000] IOAPIC[0]: apic_id 2, version 32, address 0xfec00000, GSI 0-23
[    0.00000 API: T_C_OV(b 0bus_irq 0 global_irq 2 dfl dfl)
[    0.000000] ACPI: INT_SRC_OVR (bus 0 bus_irq 9 global_irq 9 low level)
[    0.000000] Using ACPI (MADT) for SMP configuration information
[    0.000000] smpboot: Allowing 2 CPUs, 0 hotplug CPUs
[    0.000000] PM: Registered nosave memory: [mem 0x00000000-0x00000fff]
[    0.000000] PM: Registered nosave memory: [mem 0x0009f000-0x0009ffff]
[    0.000000] PM: Registered nosaveemy: [m 00a0000x0efff]
  .00000 PM:egisrenoavmery [me0x0f000-00fff]
[  000000]82 [me0x00000-0xbfff] available for PCI devices
[    0.000]ootingarirtuiz krnel oKV
[  0.000] closoce: fid-iffi: sk 0ffff maxycs: 0xffff,max_id_n 76419021568 n
[  0.00] etup_pcp NR_US12nr_cpuskits:2 _cu_ids:2 nr_node_ids:1
[    0.000000] PERCPU: Embedded 33 pages/cpu @ffff88003fc00000 s95192 r8192 d31784 u1048576

[    0.000000] Built 1 zonelists in Node order, mobility grouping on.  Total pages: 257912
[    0.000000] Policy zone: DMA32
[    0.000000] Kernel command line: BOOT_IMAGE=/boot/vmlinuz-4.4.0-210-generic root=LABEL=cloudimg-rootfs ro console=tty1 console=ttyS0
[    0.000000] PID hash table entries: 4096 (order: 3, 32768 bytes)
[    0.000000] Memory: 997796K/1048120K available (8644K kernel code, 1332K rwdata, 4044K rodata, 1492K init, 1164K bss, 50324K reserved, 0K cma-reserved)
[    0.000000] SLUB: HWalign=64, Order=0-3, MinObjects=0, CPUs=2, Nodes=1
[    0.000000] Kernel/User page tables isolation: enabled
[    0.000000] Hierarchical RCU implementation.
[    0.000000] 	Build-time adjustment of leaf fanout to 64.
[    0.000000] 	RCU restricting CPUs from NR_CPUS=512 to nr_cpu_ids=2.
[    0.000000] RCU: Adjusting geometry for rcu_fanout_leaf=64, nr_cpu_ids=2
[    0.000000] NR_IRQS:33024 nr_irqs:440 16
[    0.000000] Console: colour VGA+ 80x25
[    0.000000] console [tty1] enabled
[    0.000000] console [ttyS0] enabled
[    0.000000] tsc: Detected 1497.967 MHz processor
[    3.983802] Calibrating delay loop (skipped) preset value.. 2995.93 BogoMIPS (lpj=5991868)
[    4.022595] pid_max: default: 32768 minimum: 301
[    4.024597] ACPI: Core revision 20150930
[    4.027001] ACPI: 2 ACPI AML tables successfully acquired and loaded
[    4.030751] Security Framework initialized
[    4.031354] Yama: becoming mindful.
[    4.034429] AppArmor: AppArmor initialized
[    4.044701] Dentry cache hash table entries: 131072 (order: 8, 1048576 bytes)
[    4.047490] Inode-cache hash table entries: 65536 (order: 7, 524288 bytes)
[    4.050945] Mount-cache hash table entries: 2048 (order: 2, 16384 bytes)
[    4.058872] Mountpoint-cache hash table entries: 2048 (order: 2, 16384 bytes)
[    4.062990] Initializing cgroup subsys io
[    4.066600] Initializing cgroup subsys memory
[    4.070643] Initializing cgroup subsys devices
[    4.074587] Initializing cgroup subsys freezer
[    4.078627] Initializing cgroup subsys net_cls
[    4.082634] Initializing cgroup subsys perf_event
[    4.089756] Initializing cgroup subsys net_prio
[    4.091462] Initializing cgroup subsys hugetlb
[    4.216897] Initializing cgroup subsys pids
[    4.343606] mce: CPU supports 0 MCE banks
[    4.366205] Last level iTLB entries: 4KB 0, 2MB 0, 4MB 0
[    4.508852] Last level dTLB entries: 4KB 0, 2MB 0, 4MB 0, 1GB 0
[    4.681843] Spectre V1 : Mitigation: usercopy/swapgs barriers and __user pointer sanitization
[    4.854516] Spectre V2 : Mitigation: Full generic retpoline
[    4.855259] Spectre V2 : Spectre v2 / SpectreRSB mitigation: Filling RSB on context switch
[    4.856421] Speculative Store Bypass: Vulnerable
[    4.857148] MDS: Mitigation: Clear CPU buffers
[    4.860064] Freeing SMP alternatives memory: 36K
[    4.866021] ftrace: allocating 32380 entries in 127 pages
[    4.920022] smpboot: APIC(0) Converting physical 0 to logical package 0
[    5.038369] smpboot: Max logical packages: 1
[    5.039209] x2apic enabled
[    5.042386] Switched APIC routing to physical x2apic.
[    5.047343] ..TIMER: vector=0x30 apic1=0 pin1=2 apic2=-1 pin2=-1
[    5.158654] smpboot: CPU0: Intel(R) Core(TM) i5-1035G4 CPU @ 1.10GHz (family: 0x6, model: 0x7e, stepping: 0x5)
[    5.341930] Performance Events: unsupported p6 CPU model 126 no PMU driver, software events only.
[    5.352053] KVM setup paravirtual spinlock
[    5.474383] x86: Booting SMP configuration:
[    5.595539] .... node  #0, CPUs:      #1
[    5.75577]] kvm-clock: cpu 1, msr 0:3ffe3041, secondary cpu clock
[    5.837063] mce: CPU supports 0 MCE banks
[    5.902950] x86: Booted up 1 node, 2 CPUs
[    5.917937] smpboot: Total of 2 processors activated (5991.86 BogoMIPS)
[    5.919243] devtmpfs: initialized
[    5.920866] evm: security.selinux
[    5.921469] evm: security.SMACK64
[    5.922052] evm: security.SMACK64EXEC
[    5.922679] evm: security.SMACK64TRANSMUTE
[    5.923362] evm: security.SMACK64MMAP
[    5.923982] evm: security.ima
[    5.924535] evm: security.capability
[    5.925322] clocksource: jiffies: mask: 0xffffffff max_cycles: 0xffffffff, max_idle_ns: 7645041785100000 ns
[    5.928109] futex hash table entries: 512 (order: 3, 32768 bytes)
[    5.931591] pinctrl core: initialized pinctrl subsystem
[    5.932464] RTC time: 10:36:38, date: 05/21/21
[    5.933335] NET: Registered protocol family 16
[    5.944857] cpuidle: using governor ladder
[    5.957281] cpuidle: using governor menu
[    5.963425] PCCT header not found.
[    5.965197] ACPI: bus type PCI registered
[    5.965888] acpiphp: ACPI Hot Plug PCI Controller Driver version: 0.5
[    5.978322] PCI: Using configuration type 1 for base access
[    5.994327] ACPI: Added _OSI(Module Device)
[    5.994962] ACPI: Added _OSI(Processor Device)
[    5.995611] ACPI: Added _OSI(3.0 _SCP Extensions)
[    5.997423] ACPI: Added _OSI(Processor Aggregator Device)
[    6.000275] ACPI: Executed 1 blocks of module-level executable AML code
[    6.004002] ACPI: Interpreter enabled
[    6.004599] ACPI: (supports S0 S5)
[    6.006239] ACPI: Using IOAPIC for interrupt routing
[    6.008118] PCI: Using host bridge windows from ACPI; if necessary, use "pci=nocrs" and report a bug
[    6.013311] ACPI: PCI Root Bridge [PCI0] (domain 0000 [bus 00-ff])
[    6.014115] acpi PNP0A03:00: _OSC: OS supports [ASPM ClockPM Segments MSI]
[    6.016157] acpi PNP0A03:00: _OSC: not requesting OS control; OS requires [ExtendedConfig ASPM ClockPM MSI]
[    6.018661] acpi PNP0A03:00: fail to add MMCONFIG information, can't access extended PCI configuration space under this bridge.
[    6.021567] PCI host bridge to bus 0000:00
[    6.024800] pci_bus 0000:00: root bus resource [io  0x0000-0x0cf7 window]
[    6.026773] pci_bus 0000:00: root bus resource [io  0x0d00-0xffff window]
[    6.028826] pci_bus 0000:00: root bus resource [mem 0x000a0000-0x000bffff window]
[    6.031013] pci_bus 0000:00: root bus resource [mem 0x40000000-0xfdffffff window]
[    6.033378] pci_bus 0000:00: root bus resource [bus 00-ff]
[    6.035286] pci 0000:00:01.1: legacy IDE quirk: reg 0x10: [io  0x01f0-0x01f7]
[    6.037360] pci 0000:00:01.1: legacy IDE quirk: reg 0x14: [io  0x03f6]
[    6.040717] pci 0000:00:01.1: legacy IDE quirk: reg 0x18: [io  0x0170-0x0177]
[    6.042742] pci 0000:00:01.1: legacy IDE quirk: reg 0x1c: [io  0x0376]
[    6.062156] pci 0000:00:07.0: quirk: [io  0x4000-0x403f] claimed by PIIX4 ACPI
[    6.068742] pci 0000:00:07.0: quirk: [io  0x4100-0x410f] claimed by PIIX4 SMB
[    6.074156] ACPI: PCI Interrupt Link [LNKA] (IRQs 5 9 10 *11)
[    6.080701] ACPI: PCI Interrupt Link [LNKB] (IRQs 5 9 *10 11)
[    6.082863] ACPI: PCI Interrupt Link [LNKC] (IRQs 5 *9 10 11)
[    6.089356] ACPI: PCI Interrupt Link [LNKD] (IRQs 5 9 10 *11)
[    6.095790] ACPI: Enabled 2 GPEs in block 00 to 07
[    6.098017] vgaarb: setting as boot device: PCI:0000:00:02.0
[    6.098756] vgaarb: device added: PCI:0000:00:02.0,decodes=io+mem,owns=io+mem,locks=none
[    6.101043] vgaarb: loaded
[    6.102691] vgaarb: bridge control possible 0000:00:02.0
[    6.104918] SCSI subsystem initialized
[    6.106701] ACPI: bus type USB registered
[    6.107302] usbcore: registered new interface driver usbfs
[    6.109204] usbcore: registered new interface driver hub
[    6.110003] usbcore: registered new device driver usb
[    6.111366] PCI: Using ACPI for IRQ routing
[    6.112173] NetLabel: Initializing
[    6.112714] NetLabel:  domain hash size = 128
[    6.114509] NetLabel:  protocols = UNLABELED CIPSOv4
[    6.117033] NetLabel:  unlabeled traffic allowed by default
[    6.118963] amd_nb: Cannot enumerate AMD northbridges
[    6.119714] clocksource: Switched to clocksource kvm-clock
[    6.125953] AppArmor: AppArmor Filesystem Enabled
[    6.131982] pnp: PnP ACPI init
[    6.134168] pnp: PnP ACPI: found 3 devices
[  6430]loksource: acpi_pm: mask: 0xffffff max_cycles: 0xffffff, max_idle_ns: 2085701024 ns
[   3485NE Risreproc fil2
[    6.845459] TCP established hash table entries: 8192 (order: 4, 65536 bytes)
[    6.847487] TCP bind hash table entries: 8192 (order: 5, 131072 bytes)
[    6.849555] TCP: Hash tables configured (established 8192 bind 8192)
[   8563] UDP hash table entries: 512 (order: 2, 16384 bytes)
[    6.960262] UDP-Lite hash table entries: 512 (order: 2, 16384 bytes)
[    6.961258] NET: Registered protolamy 
[  7312]ci 0000:00:00.0: Limiting direct PCI/PCI transfers
[   7.315662] pcci 0000:00:01.0: Activating ISA DMA hang workarounds
[   3389Unckg itmf..
[    7.917311] Freeing initrd memory: 14884K
[    7.921632] clocksource: tsc: mask: 0xffffffffffffffff max_cycles: 0x1597a23ef4c, max_idle_ns: 440795273836 ns
[    7.923271] platform rtc_cmos: registered platform RTC device (no PNP device found)
[    7.924712] Scanning for low memory corruption every 60 seconds
[    7.925963] audit: initializing netlink subsys (disabled)
[    7.926840] audit: type=2000 audit(1621593400.211:1): initialized
[    7.927973] Initialise system trusted keyring
[    7.929138] HugeTLB registered 2 MB page size, pre-allocated 0 pages
[    7.931048] zbud: loaded
[    7.931956] VFS: Disk quotas dquot_6.6.0
[    7.932885] VFS: Dquot-cache hash table entries: 512 (order 0, 4096 bytes)
[    7.933990] squashfs: version 4.0 (2009/01/31) Phillip Lougher
[    7.935136] fuse init (API version 7.23)
[    7.935880] Key type big_key registered
[    7.936692] Allocating IMA MOK and blacklist keyrings.
[    7.939003] Key type asymmetric registered
[    7.939668] Asymmetric key parser 'x509' registered
[    7.940520] Block layer SCSI generic (bsg) driver version 0.4 loaded (major 249)
[    7.941844] io scheduler noop registered
[    7.942590] io scheduler deadline registered (default)
[    7.943362] io scheduler cfq registered
[    7.944120] pci_hotplug: PCI Hot Plug PCI Core version: 0.5
[    7.945002] pciehp: PCI Express Hot Plug Controller Driver version: 0.4
[    7.946077] ACPI: AC Adapter [AC] (off-line)
[    7.946773] input: Power Button as /devices/LNXSYSTM:00/LNXPWRBN:00/input/input0
[    7.947915] ACPI: Power Button [PWRF]
[    7.948719] input: Sleep Button as /devices/LNXSYSTM:00/LNXSLPBN:00/input/input1
[    7.949938] ACPI: Sleep Button [SLPF]
[    7.950750] GHES: HEST is not enabled!
[    7.951877] ACPI: Battery Slot [BAT0] (battery present)
[    7.952790] Serial: 8250/16550 driver, 32 ports, IRQ sharing enabled
[    7.975329] 00:02: ttyS0 at I/O 0x3f8 (irq = 4, base_baud = 115200) is a 16550A
[    7.978818] Linux agpgart interface v0.103
[    7.980843] loop: module loaded
[    7.981844] scsi host0: ata_piix
[    7.982577] scsi host1: ata_piix
[    7.983237] ata1: PATA max UDMA/33 cmd 0x1f0 ctl 0x3f6 bmdma 0xd000 irq 14
[    7.984287] ata2: PATA max UDMA/33 cmd 0x170 ctl 0x376 bmdma 0xd008 irq 15
[    7.985603] libphy: Fixed MDIO Bus: probed
[    7.986353] tun: Universal TUN/TAP device driver, 1.6
[    7.987146] tun: (C) 1999-2004 Max Krasnyansky <maxk@qualcomm.com>
[    7.988167] PPP generic driver version 2.4.2
[    7.988947] ehci_hcd: USB 2.0 'Enhanced' Host Controller (EHCI) Driver
[    7.992727] ehci-pci: EHCI PCI platform driver
[    7.996485] ehci-platform: EHCI generic platform driver
[   7.997295] ohci_hcd: USB 1.1 'Open' Host Controller (OHCI) Driver
[    8.028809] ohci-pci: OHCI PCI platform driver
[    8.029662] ohci-platform: OHCI generic platform driver
[    8.030597] uhci_hcd: USB Universal Host Controller Interface driver  8.053954] i8042: PNP: PS/2 Controller [PNP0303:PS2K,PNP0f03:PS2M] at 0x60,0x64 irq 1,12
[    8.144855] serio: i8042 KBD port at 0x60,0x64 irq 1
[    8.148519] serio: i8042 AUX port at 0x60,0x64 irq 12
[    8.149320] mousedev: PS/2 mouse device common for all mice
[   1584inut: AT Translated Set 2 keyboard as /devices/platform/i8042/serio0/input/input2
[    8.338332] rtc_cmos rtc_cmos: rtc core: registered rtc_cmos as rtc0
[    8.339191] rtc_cmos rtc_cmos: alarms up to one day, 114 bytes nvram
[    8.341236] i2c /dev entries driver
[    8.341836] device-mapper: uevent: version 1.0.3
[    8.344523] device-mapper: ioctl: 4.34.0-ioctl (2015-10-28) initialised: dm-devel@redhat.com
[    8.345937] ledtrig-cpu: registered to indicate activity on CPUs
[    8.347175] NET: Registered protocol family 10
[    8.348094] NET: Registered protocol family 17
[    8.348893] Key type dns_resolver registered
[    8.350384] registered taskstats version 1
[    8.351035] Loading compiled-in X.509 certificates
[    8.352376] Loaded X.509 cert 'Build time autogenerated kernel key: cf00e047681d67edb2720680708b7d9498083038'
[    8.353850] zswap: loaded using pool lzo/zbud
[    8.356423] Key type trusted registered
[    8.359686] Key type encrypted registered
[    8.360442] AppArmor: AppArmor sha1 policy hashing enabled
[    8.361259] ima: No TPM chip found, activating TPM-bypass!
[    8.362071] ima: Allocated hash algorithm: sha1
[    8.362869] evm: HMAC attrs: 0x1
[    8.363754]   Magic number: 5:213:629
[    8.364670] rtc_cmos rtc_cmos: setting system clock to 2021-05-21 10:36:41 UTC (1621593401)
[    8.366211] BIOS EDD facility v0.16 2004-Jun-25, 0 devices found
[    8.367057] EDD information not available.
[    8.368742] Freeing unused kernel memory: 1492K
[    8.379951] Write protecting the kernel read-only data: 14336k
[    8.381698] Freeing unused kernel memory: 1584K
[    8.382892] Freeing unused kernel memory: 52K
Loading, please wait...
starting version[    8.395452] random: systemd-udevd: uninitialized urandom read (16 bytes read, 5 bits of entropy available)
 229
[    8.396091] random: udevadm: uninitialized urandom read (16 bytes read, 5 bits of entropy available)
[    8.396110] random: udevadm: uninitialized urandom read (16 bytes read, 5 bits of entropy available)
[    8.402979] random: udevadm: uninitialized urandom read (16 bytes read, 5 bits of entropy available)
[    8.403016] random: udevadm: uninitialized urandom read (16 bytes read, 5 bits of entropy available)
[    8.403122] random: udevadm: uninitialized urandom read (16 bytes read, 5 bits of entropy available)
[    8.403160] random: udevadm: uninitialized urandom read (16 bytes read, 5 bits of entropy available)
[    8.403198] random: udevadm: uninitialized urandom read (16 bytes read, 5 bits of entropy available)
[    8.403237] random: udevadm: uninitialized urandom read (16 bytes read, 5 bits of entropy available)
[    8.403275] random: udevadm: uninitialized urandom read (16 bytes read, 5 bits of entropy available)
[    8.440755] e1000: Intel(R) PRO/1000 Network Driver - version 7.3.21-k8-NAPI
[    8.441812] e1000: Copyright (c) 1999-2006 Intel Corporation.
[    8.442908] Fusion MPT base driver 3.04.20
[    8.443575] Copyright (c) 1999-2008 LSI Corporation
[    8.447324] Fusion MPT SPI Host driver 3.04.20
[    8.461754] AVX2 version of gcm_enc/dec engaged.
[    8.464741] AES CTR mode by8 optimization enabled
[    8.648938] input: ImExPS/2 Generic Explorer Mouse as /devices/platform/i8042/serio1/input/input4
[    8.796256] e1000 0000:00:03.0 eth0: (PCI:33MHz:32-bit) 02:ed:98:3c:8e:82
[    8.803167] e1000 0000:00:03.0 eth0: Intel(R) PRO/1000 Network Connection
[    8.805342] e1000 0000:00:03.0 enp0s3: renamed from eth0
[    8.811578] mptbase: ioc0: Initiating bringup
[    8.892517] ioc0: LSI53C1030 A0: Capabilities={Initiator}
[    9.155306] scsi host2: ioc0: LSI53C1030 A0, FwRev=00000000h, Ports=1, MaxQ=256, IRQ=20
[    9.502512] scsi 2:0:0:0: Direct-Access     VBOX     HARDDISK         1.0  PQ: 0 ANSI: 5
[    9.534228] scsi target2:0:0: Beginning Domain Validation
[    9.535892] scsi target2:0:0: Domain Validation skipping write tests
[    9.536790] scsi target2:0:0: Ending Domain Validation
[    9.542667] scsi target2:0:0: asynchronous
[    9.924490] scsi 2:0:1:0: Direct-Access     VBOX     HARDDISK         1.0  PQ: 0 ANSI: 5
[    9.931084] scsi target2:0:1: Beginning Domain Validation
[    9.947263] scsi target2:0:1: Domain Validation skipping write tests
[    9.948196] scsi target2:0:1: Ending Domain Validation
[   10.336382] scsi target2:0:1: asynchronous
[   10.349064] sd 2:0:0:0: [sda] 83886080 512-byte logical blocks: (42.9 GB/40.0 GiB)
[   10.349272] sd 2:0:0:0: Attached scsi generic sg0 type 0
[   10.349608] sd 2:0:1:0: Attached scsi generic sg1 type 0
[   10.349834] sd 2:0:1:0: [sdb] 20480 512-byte logical blocks: (10.5 MB/10.0 MiB)
[   10.349903] sd 2:0:1:0: [sdb] Write Protect is off
[   10.349949] sd 2:0:1:0: [sdb] Incomplete mode parameter data
[   10.349950] sd 2:0:1:0: [sdb] Assuming drive cache: write through
[   10.422574] sd 2:0:1:0: [sdb] Attached SCSI disk
[   11.218298] sd 2:0:0:0: [sda] Write Protect is off
[   11.242056] sd 2:0:0:0: [sda] Incomplete mode parameter data
[   11.261934] sd 2:0:0:0: [sda] Assuming drive cache: write through
[   11.286179]  sda: sda1
[   11.302648] sd 2:0:0:0: [sda] Attached SCSI disk
Begin: Loading e[   12.699674] md: linear personality registered for level -1
ssential drivers[   12.873289] md: multipath personality registered for level -4
 ... [   13.030098] md: raid0 personality registered for level 0
[   13.191850] md: raid1 personality registered for level 1
[   13.367825] raid6: sse2x1   gen() 11457 MB/s
[   13.551823] raid6: sse2x1   xor()  9080 MB/s
[   13.747793] raid6: sse2x2   gen() 18324 MB/s
[   13.943800] raid6: sse2x2   xor() 12436 MB/s
[   14.139818] raid6: sse2x4   gen() 19023 MB/s
[   14.331822] raid6: sse2x4   xor() 12820 MB/s
[   14.439771] raid6: avx2x1   gen() 22701 MB/s
[   14.631807] raid6: avx2x2   gen() 32203 MB/s
[   14.715791] raid6: avx2x4   gen() 32485 MB/s
[   14.840243] raid6: using algorithm avx2x4 gen() 32485 MB/s
[   14.997520] raid6: using avx2x2 recovery algorithm
[   15.122302] xor: automatically using best checksumming function:
[   15.339796]    avx       : 23531.000 MB/sec
[   15.405506] async_tx: api initialized (async)
[   15.414257] md: raid6 personality registered for level 6
[   15.418224] md: raid5 personality registered for level 5
[   15.419062] md: raid4 personality registered for level 4
[   15.425529] md: raid10 personality registered for level 10
done.
Begin: Running /scripts/init-premount ... done.
Begin: Mounting root file system ... Begin: Running /scripts/local-top ... done.
Begin: Running /scripts/local-premount ... [   15.453873] Btrfs loaded
Scanning for Btrfs filesystems
done.
Warning: fsck not present, so skipping root file[   15.625040] EXT4-fs (sda1): mounted filesystem with ordered data mode. Opts: (null)
 system
done.
Begin: Running /scripts/local-bottom ... done.
Begin: Running /scripts/init-bottom ... done.
[   16.733756] random: nonblocking pool is initialized
[   18.005239] systemd[1]: systemd 229 running in system mode. (+PAM +AUDIT +SELINUX +IMA +APPARMOR +SMACK +SYSVINIT +UTMP +LIBCRYPTSETUP +GCRYPT +GNUTLS +ACL +XZ -LZ4 +SECCOMP +BLKID +ELFUTILS +KMOD -IDN)
[   18.542291] systemd[1]: Detected virtualization oracle.
[   18.613766] systemd[1]: Detected architecture x86-64.

Welcome to [1mUbuntu 16.04.7 LTS[0m!

[   18.649994] systemd[1]: Set hostname to <ubuntu>.
[ 18746]ysmd1]: Initializing machine ID from random generator.
[   19.166815] systemd[1]: Installed transient /etc/machine-id file.
[ 21099]ysemd[1]: Listening on Syslog Socket.
[[0;32m  OK  [0m] Listening on Syslog Socket.
[ 21403]ysmd]:isni oud Ctr Scket.
[[0;32m  OK  [0m] Listening on udev Control Socket.
[   21.973360] systemd[1]: Reached target User and Group Name Lookups.
[[0;32m  OK  [0m] Reached target User and Group Name Lookups.
[   21.975227] systemd[1]: Listening on /dev/initctl Compatibility Named Pipe.
[[0;32m  OK  [0m] Listening on /dev/initctl Compatibility Named Pipe.
[   21.977176] systemd[1]: Reached target System Time Synchronized.
[[0;32m  OK  [0m] Reached target System Time Synchronized.
[   21.978953] systemd[1]: Started Trigger resolvconf update for networkd DNS.
[[0;32m  OK  [0m] Started Trigger resolvconf update for networkd DNS.
[   21.980950] systemd[1]: Listening on Journal Audit Socket.
[[0;32m  OK  [0m] Listening on Journal Audit Socket.
[ 22.280294] systemd[1]: Reached target Encrypted Volumes.
[[0;32m  OK  [0m] Reached target Encrypted Volumes.
[   22.473206] ste[1 Cat scesean Sssion Slice.
[[0;32m  OK  [0m] Created slice User and Session Slice.
[ 23680]ysmd]: Listening on Journal ck.
[[0;32m  OK  [0m] Listening on Journal Socket.
[ 23664]ysmd]:isning on fsck to fsckd communication Socket.
[[0;32m  OK  [0m] Listening on fsck to fsckd communication Socket.
[   23.933128] systemd[1]: Listening on Device-mapper event daemon FIFOs.
[[0;32m  OK  [0m] Listening on Device-mapper event daemon FIFOs.
[   23.935152] systemd[1]: Listening on udev Kernel Socket.
[[0;32m  OK  [0m] Listening on udev Kernel Socket.
[  23.937341] systemd[1]: Set up automount Arbitrary Executable File Formats File System Automount Point.
[[0;32m  OK  [0m] Set up automount Arbitrary Executab...ats File System Automount Point.
[   23.962446] systemd[1]: Created slice System Slice.
[[0;32m  OK  [0m] Created slice System Slice.

[   23.976051] systemd[1]: Starting File System Check on Root Device...
         Starting File System Check on Root Device...
[   24.077982] systemd[1]: Starting Set console keymap...
         Starting Set console keymap...
[   24.080380] systemd[1]: Starting Create list of required static device nodes for the current kernel...
         Starting Create list of required st... nodes for the current kernel...
[   24.082882] systemd[1]: Reached target Slices.
[[0;32m  OK  [0m] Reached target Slices.
[   24.085906] systemd[1]: Starting Nameserver information manager...
         Starting Nameserver information manager...
[   24.088696] systemd[1]: Mounting Debug File System...
         Mounting Debug File System...
[   24.228093] systemd[1]: Mounting Huge Pages File System...
         [   24.382136] systemd[1]: Listening on LVM2 metadata daemon socket.
Mounting Huge Pages File System...
[[0;32m  OK  [0m] Listening on LVM2 metadata daemon socket.
[   24.546748] systemd[1]: Starting Monitoring of LVM2 mirrors, snapshots etc. using dmeventd or progress polling...
         Starting Monitoring of LVM2 mirrors... dmeventd or progress polling...
[   24.551792] systemd[1]: Started Forward Password Requests to Wall Directory Watch.
[[0;32m  OK  [0m] Started Forward Password Requests to Wall Directory Watch.
[   24.554068] systemd[1]: Reached target Swap.
[[0;32m  OK  [0m] Reached target Swap.
[   24.556152] systemd[1]: Mounting POSIX Message Queue File System...
         Mounting POSIX Message Queue File System...
[   24.656758] systemd[1]: Listening on Journal Socket (/dev/log).
[[0;32m  OK  [0m] Listening on Journal Socket (/dev/log).
[   24.659065] systemd[1]: Starting Journal Service...
         Starting Journal Service...
[   24.803166] systemd[1]: Created slice system-serial\x2dgetty.slice.
[[0;32m  OK  [0m] Created slice system-serial\x2dgetty.slice.
[   25.084185] systemd[1]: Starting Load Kernel Modules...
         Starting Load Kernel Modules...
[   25.092350] systemd[1]: Listening on LVM2 poll daemon socket.
[[0;32m  OK  [0m] Listening on LVM2 poll daemon socket.
[   25.118932] systemd[1]: Starting Uncomplicated firewall...
         Starting Uncomplicated firewall...
[   25.157759] systemd[1]: Mounted POSIX Message Queue File System.
[[0;32m  OK  [0m] Mounted POSIX Message Queue File System.
[   25.496033] systemd[1]: Mounted Debug File System.
[[0;32m  OK  [0m] Mounted Debug File System.
[   25.515944] systemd[1]: MountedugPas leystem.

[[0;32m  OK  [0m] Mounted Huge Pages File System.
[   25.897353] systemd[1]: Started File System Check on Root Device.
[[0;32m  OK  [0[   26.037562] Loading iSCSI transport class v2.0-870.
m] Started File System Check on Root Device.
[   26.053998] systemd[1]: Started Set console keymap.
[[0;32m  OK  [0m] Started Set console keymap.
[   26.056613] systemd[1]: Started Create list of required static device nodes for the current kernel.
[[0;32m  OK  [0m] Started Create list of required sta...ce nodes for the current kernel.
[   26.072673] systemd[1]: Started Uncomplicated firewall.
[[0;32m  OK  [0m] Started Uncomplicated firewall.
[   26.320561] systemd[1]: Started Nameserver information manager.
[[0;32m  OK  [0m] Started Nameserver information manager.
[   26.403835] systemd[1]: Started Journal Service.
[[0;32m  OK  [0m] Started Journal Service.
[[0;32m  OK  [0m] Started LVM2 metadata daemon.
[[0;32m  OK  [0m] Started File System Check Daemon to report status.
         Starting Create Static Device Nodes in /dev...
         Starting Remount Root and Kernel File Systems...
[   26.450947] iscsi: registered transport (tcp)
[   26.559911] EXT4-fs (sda1): re-mounted. Opts: (null)
[[0;32m  OK  [0m] Started Remount Root and Kernel File Systems.
         Starting udev Coldplug all Devices...
         Starting Flush Journal to Persistent Storage...
         Starting Load/Save Random Seed...
[[0;32m  OK  [0m] Started Load/Save Random Seed.
[[0;32m  OK  [0m] Started udev Coldplug all Devices.
[   26.982562] iscsi: registered transport (iser)
[[0;32m  OK  [0m] Started Load Kernel Modules.
         Mounting FUSE Control File System...
         Starting Apply Kernel Variables...
[[0;32m  OK  [0m] Mounted FUSE Control File System.
[   27.051395] systemd-journald[395]: Received request to flush runtime journal from PID 1
[[0;32m  OK  [0m] Started Flush Journal to Persistent Storage.
[[0;32m  OK  [0m] Started Monitoring of LVM2 mirrors,...ng dmeventd or progress polling.
[[0;32m  OK  [0m] Started Apply Kernel Variables.
[[0;32m  OK  [0m] Started Create Static Device Nodes in /dev.
         Starting udev Kernel Device Manager...
[[0;32m  OK  [0m] Reached target Local File Systems (Pre).
[[0;32m  OK  [0m] Reached target Local File Systems.
         Starting Tell Plymouth To Write Out Runtime Data...
         Starting LSB: AppArmor initialization...
         Starting Commit a transient machine-id on disk...
         Starting Initial cloud-init job (pre-networking)...
         Starting Set console font and keymap...
         Starting Create Volatile Files and Directories...
[[0;32m  OK  [0m] Started Commit a transient machine-id on disk.
[[0;32m  OK  [0m] Started Tell Plymouth To Write Out Runtime Data.
[[0;32m  OK  [0m] Started Create Volatile Files and Directories.
         Starting Update UTMP about System Boot/Shutdown...
[[0;32m  OK  [0m] Started Update UTMP about System Boot/Shutdown.
[[0;32m  OK  [0m] Started Set console font and keymap.
[[0;32m  OK  [0m] Created slice system-getty.slice.
[[0;32m  OK  [0m] Started udev Kernel Device Manager.
[[0;32m  OK  [0m] Started Dispatch Password Requests to Console Directory Watch.
[[0;32m  OK  [0m] Found device /dev/ttyS0.
[[0;32m  OK  [0m] Listening on Load/Save RF Kill Switch Status /dev/rfkill Watch.
[[0;32m  OK  [0m] Started LSB: AppArmor initialization.
         Starting Load AppArmor profiles managed internally by snapd...
[[0;32m  OK  [0m] Started Load AppArmor profiles managed internally by snapd.
[   32.238268] cloud-init[477]: Cloud-init v. 21.1-19-gbad84ad4-0ubuntu1~16.04.2 running 'init-local' at Fri, 21 May 2021 10:37:09 +0000. Up 31.27 seconds.
[[0;32m  OK  [0m] Started Initial cloud-init job (pre-networking).
[[0;32m  OK  [0m] Reached target Network (Pre).
         Starting Raise network interfaces...
[[0;32m  OK  [0m] Started Raise network interfaces.
         Starting Initial cloud-init job (metadata service crawler)...
[[0;32m  OK  [0m] Reached target Network.
[   35.691721] cloud-init[945]: Cloud-init v. 21.1-19-gbad84ad4-0ubuntu1~16.04.2 running 'init' at Fri, 21 May 2021 10:37:11 +0000. Up 33.10 seconds.
[   35.707795] cloud-init[945]: ci-info: ++++++++++++++++++++++++++++++++++++++Net device info++++++++++++++++++++++++++++++++++++++
[   35.709339] cloud-init[945]: ci-info: +--------+------+----------------------------+---------------+--------+-------------------+
[   35.713433] cloud-init[945]: ci-info: | Device |  Up  |          Address           |      Mask     | Scope  |     Hw-Address    |
[   35.728951] cloud-init[945]: ci-info: +--------+------+----------------------------+---------------+--------+-------------------+
[   35.734988] cloud-init[945]: ci-info: | enp0s3 | True |         10.0.2.15          | 255.255.255.0 | global | 02:ed:98:3c:8e:82 |
[   35.760617] [cloud-init[0;32m  OK  [0m[945]: ] ci-info: | enp0s3 | True | fe80::ed:98ff:fe3c:8e82/64 |       .       |  link  | 02:ed:98:3c:8e:82 |Started Initial cloud-init job (metadata service crawler).

[   35.785807] [cloud-init[0;32m  OK  [0m[945]: ] ci-info: |   lo   | True |         127.0.0.1          |   255.0.0.0   |  host  |         .         |Reached target Cloud-config availability.

[   35.788829] [cloud-init[0;32m  OK  [0m[945]: ] ci-info: |   lo   | True |          ::1/128           |       .       |  host  |         .         |Reached target Network is Online.

[   35.792945] cloud-init[945]: ci-info: +--------+------+----------------------------+---------------+--------+-------------------+
[   35.796413] cloud-init[945]: ci-info: +++++++++++++++++++++++++++Route IPv4 info++++++++++++++++++++++++++++
[   35.801387]          Starting iSCSI initiator daemon (iscsid)...
[[0;32m  OK  [0m] Reached target System Initialization.
[[0;32m  OK  [0m] Listening on ACPID Listen Socket.
cloud-init[945]: ci-info: +-------+-------------+----------+---------------+-----------+-------+
[   35.804936] cloud-init[945]: ci-info: | Route | Destination | Gateway  |    Genmask    | Interface | Flags |
[   35.809071] cloud-init[945]: ci-info: +-------+-------------+----------+---------------+-----------+-------+
[   35.815974] cloud-init[945]: ci-info: |   0   |   0.0.0.0   | 10.0.2.2 |    0.0.0.0    |   enp0s3  |   UG  |
[   35.821049] cloud-init[945]: ci-info: |   1   |   10.0.2.0  | 0.0.0.0  | 255.255.255.0 |   enp0s3  |   U   |
[   35.823540] cloud-init[945]: ci-info: +-------+-------------+----------+---------------+-----------+-------+
[   35.825967] cloud-init[945]: ci-info: +++++++++++++++++++Route IPv6 info+++++++++++++++++++
[   35.828907] cloud-init[945]: ci-info: +-------+-------------+---------+-----------+-------+
[   35.832861] cloud-init[945]: ci-info: | Route | Destination | Gateway | Interface | Flags |
[   35.836054] cloud-init[945]: ci-info: +-------+-------------+---------+-----------+-------+
[   35.846174] cloud-init[945]: ci-info: |   0   |  fe80::/64  |    ::   |   enp0s3  |   U   |
[   35.849086]          cloud-initStarting LXD - unix socket.[945]: 
ci-info: |   3   |   ff00::/8  |    ::   |   enp0s3  |   U   |
[   35.851612] [[0;32m  OK  [0m] Started Message of the Day.
cloud-init[945]: ci-info: +-------+-------------+---------+-----------+-------+
[   35.854313] [cloud-init[0;32m  OK  [0m[945]: ] Generating public/private rsa key pair.Listening on UUID daemon activation socket.

[   35.856909] [cloud-init[0;32m  OK  [0m[945]: ] Your identification has been saved in /etc/ssh/ssh_host_rsa_key.Started Daily apt download activities.

[   35.859656] cloud-init[945]: Your public key has been saved in /etc/ssh/ssh_host_rsa_key.pub.
[[0;32m  OK  [0m] Started Daily apt upgrade and clean activities.
[   35.860204] cloud-init[945]: The key fingerprint is:
[   35.864674] cloud-init[945]: SHA256:znwtpWdtYjxUDcHkd82Tp005Y6WUXoXGfk8dFRrdB0k root@ubuntu-xenial
[   35.866963] cloud-init[945]: The key's randomart image is:
[   35.868849] cloud-init[945]: +---[RSA 2048]----+
[   35.872595] cloud-init[945]: |             *EBO|
[   35.876708] cloud-init[945]: |             oXBO|
[   35.886148] cloud-init[945]: |             =+O%|
[   35.888672] cloud-init[945]: |             .+=X|
[   35.889614] cloud-init[945]: |        S   o .oo|
[   35.890535] cloud-init[945]: |       +   * .  .|
[   35.891519] cloud-init[945]: |        + + O o  |
[   35.892546] cloud-init[945]: |         . = +   |
[   35.893783] cloud-init[945]: |                 |
[   35.895324] cloud-init[945]: +----[SHA256]-----+
[   35.896488] cloud-init[945]: Generating public/private dsa key pair.
[   35.897549] cloud-init[945]: Your identification has been saved in /etc/ssh/ssh_host_dsa_key.
[   35.898786] cloud-init[945]: Your public key has been saved in /etc/ssh/ssh_host_dsa_key.pub.
[   35.900732] cloud-init[945]: The key fingerprint is:
[   35.901734] cloud-init[945]: SHA256:gVewKR72saRjLXm1ZYn5BB5GfzzbAF5aDHEZ6kNIKOo root@ubuntu-xenial
[   35.903161] cloud-init[[0;32m  OK  [0m] Started ACPI Events Check.
[[0;32m  OK  [0m] Reached target Paths.
[[0;32m  OK  [0m] Started Daily Cleanup of Temporary Directories.
[[0;32m  OK  [0m] Reached target Timers.
         Starting Socket activation for snappy daemon.
[[0;32m  OK  [0m] Listening on D-Bus System Message Bus Socket.
[[0;32m  OK  [0m] Listening on LXD - unix socket.
[[0;32m  OK  [0m] Listening on Socket activation for snappy daemon.
[[0;32m  OK  [0m] Reached target Sockets.
[[0;32m  OK  [0m] Reached target Basic System.
[945]: The key's randomart image is:
[   35.909211] cloud-init[945]: +---[DSA 1024]----+
[   35.910484] cloud-init[945]: |        .+B ++=o |
[   35.911996] cloud-init[945]: |      ...B O Xo  |
[   35.913070] cloud-init[945]: |     .=.B * @ =  |
[   35.914042] cloud-init[945]: |    .o X = O . = |
[   35.914990] cloud-init[945]: |   .  B S . + . .|
[   35.916131] cloud-init[945]: |    E. +     .   |
[   35.917089] cloud-init[945]: |                 |
[   35.918195] cloud-init[945]: |                 |
[   35.919621] cloud-init[945]: |                 |
[   35.920610] cloud-init[945]: +----[SHA256]-----+
[   35.921605] cloud-init[945]: Generating public/private ecdsa key pair.
[   35.922837] cloud-init[945]: Your identification has been saved in /etc/ssh/ssh_host_ecdsa_key.
[   35.924318] cloud-init[945]: Your public key has been saved in /etc/ssh/ssh_host_ecdsa_key.pub.
[   35.925993] cloud-init[945]: The key fingerprint is:
[   35.927176] cloud-init[945]: SHA256:tm3XgzGzh+5H35AfTr5ApZwi9ldhTeuRWQfR6aIOly8 root@ubuntu-xenial
[   35.928700] cloud-init[945]: The key's randomart image is:
[   35.929769] cloud-init[945]: +---[ECDSA 256]---+
[   35.930763] cloud-init[945]: |              o+=|
[   35.931862] cloud-init[945]: |               oO|
[   35.933370] cloud-init[945]: |              .O.|
[   35.934286] cloud-init[945]: |            ..*.o|
[   35.935204] cloud-init[945]: |        So .*=.+ |
[   35.936387] cloud-init[945]: |       ..+o+oO=o |
[   35.937381] cloud-init[945]: |        . *.*+B+o|
[   35.938297] cloud-init[945]: |         . E.oo++|
[   35.939627] cloud-init[945]: |           .+. ..|
[   35.940823] cloud-init[945]: +----[SHA256]-----+
[   35.941734] cloud-init[945]: Generating public/private ed25519 key pair.
[   35.942815] cloud-init[945]: Your identification has been saved in /etc/ssh/ssh_host_ed25519_key.
[   35.944412] cloud-init[945]: Your public key has been saved in /etc/ssh/ssh_host_ed25519_key.pub.
[   35.946053] cloud-init[945]: The key fingerprint is:
[   35.947588] cloud-init[945]: SHA256:1xmgcLRpiHrsqXEK0KaF16JzkMZcxdfAezvaM20JDVM root@ubuntu-xenial
[   35.949078] cloud-init[945]: The key's randomart image is:
[   35.950167] cloud-init[945]: +--[ED25519 256]--+
[   35.951116] cloud-init[945]: |    ..oo= .      |
[   35.952321] cloud-init[945]: |    .o * = E     |
[   35.953491] cloud-init[945]: |   .. o * . .    |
[   35.954542] cloud-init[945]: |o+.+   o + . o   |
[   35.955634] cloud-init[945]: [[0;32m  OK  [0m] Started Regular background program processing daemon.
|=+B +   S * o    |
[   35.957499] cloud-init[945]: |oB + .   = .     |
[   35.958486] cloud-init[945]: |= o +   o + .    |
[   35.959758] cloud-init[945]: | + =   . + +     |
         Starting Pollinate to seed the pseudo random number generator...
[   35.963575] cloud-init[945]: |  o       +      |
[   35.965435]          cloud-initStarting LSB: MD monitoring daemon...[945]: 
+----[SHA256]-----+
[[0;32m  OK  [0m] Started FUSE filesystem for LXC.
         Starting Login Service...
[[0;32m  OK  [0m] Started D-Bus System Message Bus.
         Starting LSB: Record successful boot for GRUB...
         Starting LXD - container startup/shutdown...
         Starting Snap Daemon...
[[0;32m  OK  [0m] Started ACPI event daemon.
[[0;32m  OK  [0m] Started Deferred execution scheduler.
         Starting /etc/rc.local Compatibility...
         Starting Accounts Service...
         Starting Virtualbox guest utils...
         Starting System Logging Service...
[[0;32m  OK  [0m] Started Login Service.
[[0;32m  OK  [0m] Started Unattended Upgrades Shutdown.
[[0;32m  OK  [0m] Started /etc/rc.local Compatibility.
[[0;32m  OK  [0m] Started iSCSI initiator daemon (iscsid).
         Starting Login to default iSCSI targets...
[[0;32m  OK  [0m] Started LSB: Record successful boot for GRUB.
[[0;32m  OK  [0m] Started LSB: MD monitoring daemon.
[[0;32m  OK  [0m] Started System Logging Service.
[[0;32m  OK  [0m] Started Login to default iSCSI targets.
[[0;32m  OK  [0m] Reached target Remote File Systems (Pre).
[[0;32m  OK  [0m] Reached target Remote File Systems.
         Starting Permit User Sessions...
         Starting LSB: Set the CPU Frequency Scaling governor to "ondemand"...
         Starting LSB: automatic crash report generation...
         Starting LSB: daemon to balance interrupts for SMP systems...
[[0;32m  OK  [0m] Started LSB: Set the CPU Frequency Scaling governor to "ondemand".
[[0;32m  OK  [0m] Started LSB: daemon to balance interrupts for SMP systems.
[[0;32m  OK  [0m] Started LSB: automatic crash report generation.
[[0;32m  OK  [0m] Started Virtualbox guest utils.
[[0;32m  OK  [0m] Started Permit User Sessions.
         Starting Terminate Plymouth Boot Screen...
         Starting Hold until boot process finishes up...
[[0;32m  OK  [0m] Started Hold until boot process finishes up.
[[0;32m  OK  [0m] Started Getty on tty1.
[[0;32m  OK  [0m] Started Serial Getty on ttyS0.
[[0;32m  OK  [0m] Reached target Login Prompts.
         Starting Set console scheme...
[[0;32m  OK  [0m] Started Terminate Plymouth Boot Screen.
[[0;32m  OK  [0m] Started Set console scheme.
         Starting Authenticate and Authorize Users to Run Privileged Tasks...
[[0;32m  OK  [0m] Started Authenticate and Authorize Users to Run Privileged Tasks.
[[0;32m  OK  [0m] Started Accounts Service.
[[0;32m  OK  [0m] Started Pollinate to seed the pseudo random number generator.
         Starting OpenBSD Secure Shell server...
[[0;32m  OK  [0m] Started OpenBSD Secure Shell server.
[[0;32m  OK  [0m] Started LXD - container startup/shutdown.
[[0;32m  OK  [0m] Started Snap Daemon.
         Starting Wait until snapd is fully seeded...
[[0;32m  OK  [0m] Created slice User Slice of vagrant.
         Starting User Manager for UID 1000...
[[0;32m  OK  [0m] Started Session 1 of user vagrant.
[[0;32m  OK  [0m] Started User Manager for UID 1000.

Ubuntu 16.04.7 LTS ubuntu-xenial ttyS0

ubuntu-xenial login: [   54.541285] cloud-init[1633]: Generating locales (this might take a while)...
[   55.249484] cloud-init[1633]:   en_US.UTF-8... done
[   55.252228] cloud-init[1633]: Generation complete.
[   57.067874] cloud-init[1633]: Cloud-init v. 21.1-19-gbad84ad4-0ubuntu1~16.04.2 running 'modules:config' at Fri, 21 May 2021 10:37:32 +0000. Up 54.16 seconds.
ci-info: no authorized SSH keys fingerprints found for user ubuntu.
<14>May 21 10:37:36 ec2: 
<14>May 21 10:37:36 ec2: #############################################################
<14>May 21 10:37:36 ec2: -----BEGIN SSH HOST KEY FINGERPRINTS-----
<14>May 21 10:37:36 ec2: 1024 SHA256:gVewKR72saRjLXm1ZYn5BB5GfzzbAF5aDHEZ6kNIKOo root@ubuntu-xenial (DSA)
<14>May 21 10:37:36 ec2: 256 SHA256:tm3XgzGzh+5H35AfTr5ApZwi9ldhTeuRWQfR6aIOly8 root@ubuntu-xenial (ECDSA)
<14>May 21 10:37:36 ec2: 256 SHA256:1xmgcLRpiHrsqXEK0KaF16JzkMZcxdfAezvaM20JDVM root@ubuntu-xenial (ED25519)
<14>May 21 10:37:36 ec2: 2048 SHA256:znwtpWdtYjxUDcHkd82Tp005Y6WUXoXGfk8dFRrdB0k root@ubuntu-xenial (RSA)
<14>May 21 10:37:36 ec2: -----END SSH HOST KEY FINGERPRINTS-----
<14>May 21 10:37:36 ec2: #############################################################
-----BEGIN SSH HOST KEY KEYS-----
ecdsa-sha2-nistp256 AAAAE2VjZHNhLXNoYTItbmlzdHAyNTYAAAAIbmlzdHAyNTYAAABBBAcczP3NHqr5gHCazlAz6rLytyMWPj0B7NTGl+flhMU/9hRANWYl3xdnaDb1JSGLvqMLZ0t0PXkPfGamNxpP9uk= root@ubuntu-xenial
ssh-ed25519 AAAAC3NzaC1lZDI1NTE5AAAAIEci3zWq5+cLNwdVTczJ8CYIT7DHdGQeXQXN5fwCYYa2 root@ubuntu-xenial
ssh-rsa AAAAB3NzaC1yc2EAAAADAQABAAABAQDQjF6tr6lshS6RDkKbaAPGtnX20iY9uajLDph13CR+cnOg+n0ed0DtxxBO0ePXsE6qXU7SPtrAYo2+7TTxBJTwHv0oZhOr1mMIUSIm55iVPWMVyvdLf2v8DTdRdv+aaKCTWu+KjRKjRl9ObX3KUeHc8bCa4n3kFHKxiB8O1b6Usm71FAoKH4TxVcIAUviKn1uZTGNh27qZCDpBMPtGbbrvWy70ry6MusrKJQrvFC5YOC14umuZcNPEnjb3oaDoK89chVkfr2PT7SSjTy4QDCtmB+fT3jfxKkcjrMF5Vx1cX87gPWJL2qwUZ5/uq8NOqcXf7pQFMvVEe14VwRae8Und root@ubuntu-xenial
-----END SSH HOST KEY KEYS-----
[   57.506481] cloud-init[1676]: Cloud-init v. 21.1-19-gbad84ad4-0ubuntu1~16.04.2 running 'modules:final' at Fri, 21 May 2021 10:37:35 +0000. Up 57.29 seconds.
[   57.506640] cloud-init[1676]: ci-info: no authorized SSH keys fingerprints found for user ubuntu.
[   57.506726] cloud-init[1676]: Cloud-init v. 21.1-19-gbad84ad4-0ubuntu1~16.04.2 finished at Fri, 21 May 2021 10:37:36 +0000. Datasource DataSourceNoCloud [seed=/dev/sdb][dsmode=net].  Up 57.50 seconds
